[172606.917037] ovs_keydump: start=296 len=88 hash=0xc6b2dc2c
[172606.917054] ovs_keydump: 00000000: 00 00 00 00 00 00 00 00 00 00 00 00 00 00 00 00
[172606.917062] ovs_keydump: 00000010: 00 00 00 00 00 00 00 00 00 00 00 00 00 00 00 00
[172606.917066] ovs_keydump: 00000020: 06 00 01 00 00 00 00 00 00 00 00 00 00 00 00 00
[172606.917071] ovs_keydump: 00000030: 00 00 00 00 00 00 00 00 00 00 00 00 00 00 00 00
[172606.917074] ovs_keydump: 00000040: 08 00 00 00 11 00 00 00 00 00 00 00 23 2c 00 00
[172606.917078] ovs_keydump: 00000050: 0a 00 01 0f 0a 00 02 05
[172606.917081] ovs_keymask: 00000000: 00 00 00 00 00 00 00 00 00 00 00 00 00 00 00 00
[172606.917086] ovs_keymask: 00000010: 00 00 00 00 00 00 00 00 00 00 00 00 00 00 00 00
[172606.917089] ovs_keymask: 00000020: ff ff ff ff 00 00 00 00 ff ff ff ff 00 00 00 00
[172606.917093] ovs_keymask: 00000030: 00 00 00 00 00 00 00 00 00 00 ff ff 00 00 ff ff
[172606.917096] ovs_keymask: 00000040: ff ff 00 00 ff 00 00 ff 00 00 00 00 ff ff 00 00
[172606.917100] ovs_keymask: 00000050: ff ff ff ff ff ff ff ff
[172606.917121] ovs_keydump: start=296 len=88 hash=0x67247d3c
[172606.917127] ovs_keydump: 00000000: 00 00 00 00 00 00 00 00 00 00 00 00 00 00 00 00
[172606.917131] ovs_keydump: 00000010: 00 00 00 00 00 00 00 00 00 00 00 00 00 00 00 00
[172606.917134] ovs_keydump: 00000020: 06 00 01 00 00 00 00 00 00 00 00 00 00 00 00 00
[172606.917138] ovs_keydump: 00000030: 00 00 00 00 00 00 00 00 00 00 00 00 00 00 00 00
[172606.917141] ovs_keydump: 00000040: 08 00 00 00 11 00 00 00 00 00 00 00 23 34 00 00
[172606.917145] ovs_keydump: 00000050: 00 00 00 00 0a 00 02 02
[172606.917149] ovs_keymask: 00000000: 00 00 00 00 00 00 00 00 00 00 00 00 00 00 00 00
[172606.917152] ovs_keymask: 00000010: 00 00 00 00 00 00 00 00 00 00 00 00 00 00 00 00
[172606.917156] ovs_keymask: 00000020: ff ff ff ff 00 00 00 00 ff ff ff ff 00 00 00 00
[172606.917159] ovs_keymask: 00000030: 00 00 00 00 00 00 00 00 00 00 ff ff 00 00 ff ff
[172606.917163] ovs_keymask: 00000040: ff ff 00 00 ff 00 00 ff 00 00 00 00 ff ff 00 00
[172606.917167] ovs_keymask: 00000050: 00 00 00 00 ff ff ff ff
[172606.917210] ovs_keydump: start=296 len=88 hash=0xc64d15be
[172606.917216] ovs_keydump: 00000000: 00 00 00 00 00 00 00 00 00 00 00 00 00 00 00 00
[172606.917220] ovs_keydump: 00000010: 00 00 00 00 00 00 00 00 00 00 00 00 00 00 00 00
[172606.917223] ovs_keydump: 00000020: 06 00 01 00 00 00 00 00 00 00 00 00 00 00 00 00
[172606.917227] ovs_keydump: 00000030: 00 00 00 00 00 00 00 00 00 00 00 00 00 00 00 00
[172606.917230] ovs_keydump: 00000040: 08 00 00 00 11 00 00 00 00 00 00 00 00 00 00 00
[172606.917234] ovs_keydump: 00000050: 00 00 00 00 0a 00 02 01
[172606.917237] ovs_keymask: 00000000: 00 00 00 00 00 00 00 00 00 00 00 00 00 00 00 00
[172606.917241] ovs_keymask: 00000010: 00 00 00 00 00 00 00 00 00 00 00 00 00 00 00 00
[172606.917245] ovs_keymask: 00000020: ff ff ff ff 00 00 00 00 ff ff ff ff 00 00 00 00
[172606.917248] ovs_keymask: 00000030: 00 00 00 00 00 00 00 00 00 00 ff ff 00 00 ff ff
[172606.917252] ovs_keymask: 00000040: ff ff 00 00 ff 00 00 ff 00 00 00 00 00 00 00 00
[172606.917255] ovs_keymask: 00000050: 00 00 00 00 ff ff ff ff
[172606.917279] ovs_keydump: start=296 len=88 hash=0xebdc720e
[172606.917283] ovs_keydump: 00000000: 00 00 00 00 00 00 00 00 00 00 00 00 00 00 00 00
[172606.917287] ovs_keydump: 00000010: 00 00 00 00 00 00 00 00 00 00 00 00 00 00 00 00
[172606.917291] ovs_keydump: 00000020: 06 00 01 00 00 00 00 00 00 00 00 00 00 00 00 00
[172606.917294] ovs_keydump: 00000030: 00 00 00 00 00 00 00 00 00 00 00 00 00 00 00 00
[172606.917298] ovs_keydump: 00000040: 08 00 00 00 11 00 00 00 00 00 4e 33 23 34 00 00
[172606.917301] ovs_keydump: 00000050: 0a 00 01 09 0a 00 02 07
[172606.917305] ovs_keymask: 00000000: 00 00 00 00 00 00 00 00 00 00 00 00 00 00 00 00
[172606.917309] ovs_keymask: 00000010: 00 00 00 00 00 00 00 00 00 00 00 00 00 00 00 00
[172606.917312] ovs_keymask: 00000020: ff ff ff ff 00 00 00 00 ff ff ff ff 00 00 00 00
[172606.917317] ovs_keymask: 00000030: 00 00 00 00 00 00 00 00 00 00 ff ff 00 00 ff ff
[172606.917320] ovs_keymask: 00000040: ff ff 00 00 ff 00 00 ff 00 00 ff ff ff ff 00 00
[172606.917324] ovs_keymask: 00000050: ff ff ff ff ff ff ff ff
[172606.917337] ovs_keydump: start=296 len=88 hash=0x739fa5de
[172606.917342] ovs_keydump: 00000000: 00 00 00 00 00 00 00 00 00 00 00 00 00 00 00 00
[172606.917345] ovs_keydump: 00000010: 00 00 00 00 00 00 00 00 00 00 00 00 00 00 00 00
[172606.917349] ovs_keydump: 00000020: 06 00 01 00 00 00 00 00 00 00 00 00 00 00 00 00
[172606.917353] ovs_keydump: 00000030: 00 00 00 00 00 00 00 00 00 00 00 00 00 00 00 00
[172606.917356] ovs_keydump: 00000040: 08 00 00 00 11 00 00 00 00 00 00 00 23 31 00 00
[172606.917360] ovs_keydump: 00000050: 00 00 00 00 0a 00 02 02
[172606.917363] ovs_keymask: 00000000: 00 00 00 00 00 00 00 00 00 00 00 00 00 00 00 00
[172606.917367] ovs_keymask: 00000010: 00 00 00 00 00 00 00 00 00 00 00 00 00 00 00 00
[172606.917371] ovs_keymask: 00000020: ff ff ff ff 00 00 00 00 ff ff ff ff 00 00 00 00
[172606.917374] ovs_keymask: 00000030: 00 00 00 00 00 00 00 00 00 00 ff ff 00 00 ff ff
[172606.917378] ovs_keymask: 00000040: ff ff 00 00 ff 00 00 ff 00 00 00 00 ff ff 00 00
[172606.917381] ovs_keymask: 00000050: 00 00 00 00 ff ff ff ff
[172606.917398] ovs_keydump: start=296 len=88 hash=0x03216ddd
[172606.917402] ovs_keydump: 00000000: 00 00 00 00 00 00 00 00 00 00 00 00 00 00 00 00
[172606.917406] ovs_keydump: 00000010: 00 00 00 00 00 00 00 00 00 00 00 00 00 00 00 00
[172606.917410] ovs_keydump: 00000020: 06 00 01 00 00 00 00 00 00 00 00 00 00 00 00 00
[172606.917413] ovs_keydump: 00000030: 00 00 00 00 00 00 00 00 00 00 00 00 00 00 00 00
[172606.917417] ovs_keydump: 00000040: 08 00 00 00 11 00 00 00 00 00 4e 35 00 00 00 00
[172606.917420] ovs_keydump: 00000050: 0a 00 01 08 0a 00 02 06
[172606.917424] ovs_keymask: 00000000: 00 00 00 00 00 00 00 00 00 00 00 00 00 00 00 00
[172606.917458] ovs_keymask: 00000010: 00 00 00 00 00 00 00 00 00 00 00 00 00 00 00 00
[172606.917465] ovs_keymask: 00000020: ff ff ff ff 00 00 00 00 ff ff ff ff 00 00 00 00
[172606.917472] ovs_keymask: 00000030: 00 00 00 00 00 00 00 00 00 00 ff ff 00 00 ff ff
[172606.917477] ovs_keymask: 00000040: ff ff 00 00 ff 00 00 ff 00 00 ff ff 00 00 00 00
[172606.917481] ovs_keymask: 00000050: ff ff ff ff ff ff ff ff
[172606.917503] ovs_keydump: start=296 len=88 hash=0x503e3d41
[172606.917510] ovs_keydump: 00000000: 00 00 00 00 00 00 00 00 00 00 00 00 00 00 00 00
[172606.917515] ovs_keydump: 00000010: 00 00 00 00 00 00 00 00 00 00 00 00 00 00 00 00
[172606.917523] ovs_keydump: 00000020: 06 00 01 00 00 00 00 00 00 00 00 00 00 00 00 00
[172606.917530] ovs_keydump: 00000030: 00 00 00 00 00 00 00 00 00 00 00 00 00 00 00 00
[172606.917536] ovs_keydump: 00000040: 08 00 00 00 11 00 00 00 00 00 4e 50 00 00 00 00
[172606.917542] ovs_keydump: 00000050: 0a 00 01 06 0a 00 02 06
[172606.917548] ovs_keymask: 00000000: 00 00 00 00 00 00 00 00 00 00 00 00 00 00 00 00
[172606.917554] ovs_keymask: 00000010: 00 00 00 00 00 00 00 00 00 00 00 00 00 00 00 00
[172606.917560] ovs_keymask: 00000020: ff ff ff ff 00 00 00 00 ff ff ff ff 00 00 00 00
[172606.917567] ovs_keymask: 00000030: 00 00 00 00 00 00 00 00 00 00 ff ff 00 00 ff ff
[172606.917574] ovs_keymask: 00000040: ff ff 00 00 ff 00 00 ff 00 00 ff ff 00 00 00 00
[172606.917582] ovs_keymask: 00000050: ff ff ff ff ff ff ff ff
[172606.917623] ovs_keydump: start=296 len=88 hash=0xabfcd23a
[172606.917632] ovs_keydump: 00000000: 00 00 00 00 00 00 00 00 00 00 00 00 00 00 00 00
[172606.917640] ovs_keydump: 00000010: 00 00 00 00 00 00 00 00 00 00 00 00 00 00 00 00
[172606.917657] ovs_keydump: 00000020: 06 00 01 00 00 00 00 00 00 00 00 00 00 00 00 00
[172606.917665] ovs_keydump: 00000030: 00 00 00 00 00 00 00 00 00 00 00 00 00 00 00 00
[172606.917672] ovs_keydump: 00000040: 08 00 00 00 11 00 00 00 00 00 4e 44 00 00 00 00
[172606.917680] ovs_keydump: 00000050: 0a 00 01 08 0a 00 02 06
[172606.917687] ovs_keymask: 00000000: 00 00 00 00 00 00 00 00 00 00 00 00 00 00 00 00
[172606.917694] ovs_keymask: 00000010: 00 00 00 00 00 00 00 00 00 00 00 00 00 00 00 00
[172606.917701] ovs_keymask: 00000020: ff ff ff ff 00 00 00 00 ff ff ff ff 00 00 00 00
[172606.917709] ovs_keymask: 00000030: 00 00 00 00 00 00 00 00 00 00 ff ff 00 00 ff ff
[172606.917716] ovs_keymask: 00000040: ff ff 00 00 ff 00 00 ff 00 00 ff ff 00 00 00 00
[172606.917723] ovs_keymask: 00000050: ff ff ff ff ff ff ff ff
[172606.917785] ovs_keydump: start=296 len=88 hash=0x5552f835
[172606.917794] ovs_keydump: 00000000: 00 00 00 00 00 00 00 00 00 00 00 00 00 00 00 00
[172606.917801] ovs_keydump: 00000010: 00 00 00 00 00 00 00 00 00 00 00 00 00 00 00 00
[172606.917807] ovs_keydump: 00000020: 06 00 01 00 00 00 00 00 00 00 00 00 00 00 00 00
[172606.917814] ovs_keydump: 00000030: 00 00 00 00 00 00 00 00 00 00 00 00 00 00 00 00
[172606.917822] ovs_keydump: 00000040: 08 00 00 00 11 00 00 00 00 00 00 00 23 35 00 00
[172606.917829] ovs_keydump: 00000050: 00 00 00 00 0a 00 02 02
[172606.917836] ovs_keymask: 00000000: 00 00 00 00 00 00 00 00 00 00 00 00 00 00 00 00
[172606.917844] ovs_keymask: 00000010: 00 00 00 00 00 00 00 00 00 00 00 00 00 00 00 00
[172606.917850] ovs_keymask: 00000020: ff ff ff ff 00 00 00 00 ff ff ff ff 00 00 00 00
[172606.917857] ovs_keymask: 00000030: 00 00 00 00 00 00 00 00 00 00 ff ff 00 00 ff ff
[172606.917865] ovs_keymask: 00000040: ff ff 00 00 ff 00 00 ff 00 00 00 00 ff ff 00 00
[172606.917872] ovs_keymask: 00000050: 00 00 00 00 ff ff ff ff
[172606.917895] ovs_keydump: start=296 len=88 hash=0x80bc7bf4
[172606.917903] ovs_keydump: 00000000: 00 00 00 00 00 00 00 00 00 00 00 00 00 00 00 00
[172606.917911] ovs_keydump: 00000010: 00 00 00 00 00 00 00 00 00 00 00 00 00 00 00 00
[172606.917918] ovs_keydump: 00000020: 06 00 01 00 00 00 00 00 00 00 00 00 00 00 00 00
[172606.917925] ovs_keydump: 00000030: 00 00 00 00 00 00 00 00 00 00 00 00 00 00 00 00
[172606.917932] ovs_keydump: 00000040: 08 00 00 00 11 00 00 00 00 00 4e 21 23 29 00 00
[172606.917939] ovs_keydump: 00000050: 0a 00 01 04 0a 00 02 07
[172606.917946] ovs_keymask: 00000000: 00 00 00 00 00 00 00 00 00 00 00 00 00 00 00 00
[172606.917953] ovs_keymask: 00000010: 00 00 00 00 00 00 00 00 00 00 00 00 00 00 00 00
[172606.917960] ovs_keymask: 00000020: ff ff ff ff 00 00 00 00 ff ff ff ff 00 00 00 00
[172606.917968] ovs_keymask: 00000030: 00 00 00 00 00 00 00 00 00 00 ff ff 00 00 ff ff
[172606.917974] ovs_keymask: 00000040: ff ff 00 00 ff 00 00 ff 00 00 ff ff ff ff 00 00
[172606.917981] ovs_keymask: 00000050: ff ff ff ff ff ff ff ff
[172606.918015] ovs_keydump: start=296 len=88 hash=0xb8923dd6
[172606.918023] ovs_keydump: 00000000: 00 00 00 00 00 00 00 00 00 00 00 00 00 00 00 00
[172606.918030] ovs_keydump: 00000010: 00 00 00 00 00 00 00 00 00 00 00 00 00 00 00 00
[172606.918037] ovs_keydump: 00000020: 06 00 01 00 00 00 00 00 00 00 00 00 00 00 00 00
[172606.918044] ovs_keydump: 00000030: 00 00 00 00 00 00 00 00 00 00 00 00 00 00 00 00
[172606.918050] ovs_keydump: 00000040: 08 00 00 00 11 00 00 00 00 00 00 00 23 2e 00 00
[172606.918057] ovs_keydump: 00000050: 0a 00 01 06 0a 00 02 05
[172606.918064] ovs_keymask: 00000000: 00 00 00 00 00 00 00 00 00 00 00 00 00 00 00 00
[172606.918071] ovs_keymask: 00000010: 00 00 00 00 00 00 00 00 00 00 00 00 00 00 00 00
[172606.918078] ovs_keymask: 00000020: ff ff ff ff 00 00 00 00 ff ff ff ff 00 00 00 00
[172606.918085] ovs_keymask: 00000030: 00 00 00 00 00 00 00 00 00 00 ff ff 00 00 ff ff
[172606.918092] ovs_keymask: 00000040: ff ff 00 00 ff 00 00 ff 00 00 00 00 ff ff 00 00
[172606.918099] ovs_keymask: 00000050: ff ff ff ff ff ff ff ff
[172606.918132] ovs_keydump: start=296 len=88 hash=0x1751f6cc
[172606.918140] ovs_keydump: 00000000: 00 00 00 00 00 00 00 00 00 00 00 00 00 00 00 00
[172606.918147] ovs_keydump: 00000010: 00 00 00 00 00 00 00 00 00 00 00 00 00 00 00 00
[172606.918155] ovs_keydump: 00000020: 06 00 01 00 00 00 00 00 00 00 00 00 00 00 00 00
[172606.918162] ovs_keydump: 00000030: 00 00 00 00 00 00 00 00 00 00 00 00 00 00 00 00
[172606.918169] ovs_keydump: 00000040: 08 00 00 00 11 00 00 00 00 00 4e 32 00 00 00 00
[172606.918175] ovs_keydump: 00000050: 0a 00 01 08 0a 00 02 06
[172606.918182] ovs_keymask: 00000000: 00 00 00 00 00 00 00 00 00 00 00 00 00 00 00 00
[172606.918189] ovs_keymask: 00000010: 00 00 00 00 00 00 00 00 00 00 00 00 00 00 00 00
[172606.918197] ovs_keymask: 00000020: ff ff ff ff 00 00 00 00 ff ff ff ff 00 00 00 00
[172606.918204] ovs_keymask: 00000030: 00 00 00 00 00 00 00 00 00 00 ff ff 00 00 ff ff
[172606.918211] ovs_keymask: 00000040: ff ff 00 00 ff 00 00 ff 00 00 ff ff 00 00 00 00
[172606.918218] ovs_keymask: 00000050: ff ff ff ff ff ff ff ff
[172606.918251] ovs_keydump: start=296 len=88 hash=0x66dec282
[172606.918259] ovs_keydump: 00000000: 00 00 00 00 00 00 00 00 00 00 00 00 00 00 00 00
[172606.918266] ovs_keydump: 00000010: 00 00 00 00 00 00 00 00 00 00 00 00 00 00 00 00
[172606.918273] ovs_keydump: 00000020: 06 00 01 00 00 00 00 00 00 00 00 00 00 00 00 00
[172606.918281] ovs_keydump: 00000030: 00 00 00 00 00 00 00 00 00 00 00 00 00 00 00 00
[172606.918288] ovs_keydump: 00000040: 08 00 00 00 11 00 00 00 00 00 00 00 23 2e 00 00
[172606.918295] ovs_keydump: 00000050: 00 00 00 00 0a 00 02 02
[172606.918302] ovs_keymask: 00000000: 00 00 00 00 00 00 00 00 00 00 00 00 00 00 00 00
[172606.918310] ovs_keymask: 00000010: 00 00 00 00 00 00 00 00 00 00 00 00 00 00 00 00
[172606.918317] ovs_keymask: 00000020: ff ff ff ff 00 00 00 00 ff ff ff ff 00 00 00 00
[172606.918325] ovs_keymask: 00000030: 00 00 00 00 00 00 00 00 00 00 ff ff 00 00 ff ff
[172606.918333] ovs_keymask: 00000040: ff ff 00 00 ff 00 00 ff 00 00 00 00 ff ff 00 00
[172606.918340] ovs_keymask: 00000050: 00 00 00 00 ff ff ff ff
[172606.918373] ovs_keydump: start=296 len=88 hash=0x8f2400ea
[172606.918381] ovs_keydump: 00000000: 00 00 00 00 00 00 00 00 00 00 00 00 00 00 00 00
[172606.918389] ovs_keydump: 00000010: 00 00 00 00 00 00 00 00 00 00 00 00 00 00 00 00
[172606.918397] ovs_keydump: 00000020: 06 00 01 00 00 00 00 00 00 00 00 00 00 00 00 00
[172606.918404] ovs_keydump: 00000030: 00 00 00 00 00 00 00 00 00 00 00 00 00 00 00 00
[172606.918412] ovs_keydump: 00000040: 08 00 00 00 11 00 00 00 00 00 4e 3d 23 2e 00 00
[172606.918419] ovs_keydump: 00000050: 0a 00 01 0a 0a 00 02 07
[172606.918438] ovs_keymask: 00000000: 00 00 00 00 00 00 00 00 00 00 00 00 00 00 00 00
[172606.918445] ovs_keymask: 00000010: 00 00 00 00 00 00 00 00 00 00 00 00 00 00 00 00
[172606.918452] ovs_keymask: 00000020: ff ff ff ff 00 00 00 00 ff ff ff ff 00 00 00 00
[172606.918460] ovs_keymask: 00000030: 00 00 00 00 00 00 00 00 00 00 ff ff 00 00 ff ff
[172606.918468] ovs_keymask: 00000040: ff ff 00 00 ff 00 00 ff 00 00 ff ff ff ff 00 00
[172606.918475] ovs_keymask: 00000050: ff ff ff ff ff ff ff ff
[172606.918534] ovs_keydump: start=296 len=88 hash=0x249bdd3a
[172606.918542] ovs_keydump: 00000000: 00 00 00 00 00 00 00 00 00 00 00 00 00 00 00 00
[172606.918549] ovs_keydump: 00000010: 00 00 00 00 00 00 00 00 00 00 00 00 00 00 00 00
[172606.918556] ovs_keydump: 00000020: 06 00 01 00 00 00 00 00 00 00 00 00 00 00 00 00
[172606.918563] ovs_keydump: 00000030: 00 00 00 00 00 00 00 00 00 00 00 00 00 00 00 00
[172606.918570] ovs_keydump: 00000040: 08 00 00 00 11 00 00 00 00 00 00 00 23 29 00 00
[172606.918577] ovs_keydump: 00000050: 00 00 00 00 0a 00 02 02
[172606.918584] ovs_keymask: 00000000: 00 00 00 00 00 00 00 00 00 00 00 00 00 00 00 00
[172606.918591] ovs_keymask: 00000010: 00 00 00 00 00 00 00 00 00 00 00 00 00 00 00 00
[172606.918599] ovs_keymask: 00000020: ff ff ff ff 00 00 00 00 ff ff ff ff 00 00 00 00
[172606.918606] ovs_keymask: 00000030: 00 00 00 00 00 00 00 00 00 00 ff ff 00 00 ff ff
[172606.918613] ovs_keymask: 00000040: ff ff 00 00 ff 00 00 ff 00 00 00 00 ff ff 00 00
[172606.918619] ovs_keymask: 00000050: 00 00 00 00 ff ff ff ff
[172606.918669] ovs_keydump: start=296 len=88 hash=0x745b670c
[172606.918678] ovs_keydump: 00000000: 00 00 00 00 00 00 00 00 00 00 00 00 00 00 00 00
[172606.918685] ovs_keydump: 00000010: 00 00 00 00 00 00 00 00 00 00 00 00 00 00 00 00
[172606.918691] ovs_keydump: 00000020: 06 00 01 00 00 00 00 00 00 00 00 00 00 00 00 00
[172606.918698] ovs_keydump: 00000030: 00 00 00 00 00 00 00 00 00 00 00 00 00 00 00 00
[172606.918705] ovs_keydump: 00000040: 08 00 00 00 11 00 00 00 00 00 4e 29 23 29 00 00
[172606.918712] ovs_keydump: 00000050: 0a 00 01 08 0a 00 02 07
[172606.918719] ovs_keymask: 00000000: 00 00 00 00 00 00 00 00 00 00 00 00 00 00 00 00
[172606.918727] ovs_keymask: 00000010: 00 00 00 00 00 00 00 00 00 00 00 00 00 00 00 00
[172606.918734] ovs_keymask: 00000020: ff ff ff ff 00 00 00 00 ff ff ff ff 00 00 00 00
[172606.918740] ovs_keymask: 00000030: 00 00 00 00 00 00 00 00 00 00 ff ff 00 00 ff ff
[172606.918747] ovs_keymask: 00000040: ff ff 00 00 ff 00 00 ff 00 00 ff ff ff ff 00 00
[172606.918755] ovs_keymask: 00000050: ff ff ff ff ff ff ff ff
[172606.918789] ovs_keydump: start=296 len=88 hash=0xdde0b3cd
[172606.918798] ovs_keydump: 00000000: 00 00 00 00 00 00 00 00 00 00 00 00 00 00 00 00
[172606.918805] ovs_keydump: 00000010: 00 00 00 00 00 00 00 00 00 00 00 00 00 00 00 00
[172606.918812] ovs_keydump: 00000020: 06 00 01 00 00 00 00 00 00 00 00 00 00 00 00 00
[172606.918819] ovs_keydump: 00000030: 00 00 00 00 00 00 00 00 00 00 00 00 00 00 00 00
[172606.918826] ovs_keydump: 00000040: 08 00 00 00 11 00 00 00 00 00 4e 2b 00 00 00 00
[172606.918833] ovs_keydump: 00000050: 0a 00 01 02 0a 00 02 06
[172606.918840] ovs_keymask: 00000000: 00 00 00 00 00 00 00 00 00 00 00 00 00 00 00 00
[172606.918848] ovs_keymask: 00000010: 00 00 00 00 00 00 00 00 00 00 00 00 00 00 00 00
[172606.918855] ovs_keymask: 00000020: ff ff ff ff 00 00 00 00 ff ff ff ff 00 00 00 00
[172606.918862] ovs_keymask: 00000030: 00 00 00 00 00 00 00 00 00 00 ff ff 00 00 ff ff
[172606.918868] ovs_keymask: 00000040: ff ff 00 00 ff 00 00 ff 00 00 ff ff 00 00 00 00
[172606.918875] ovs_keymask: 00000050: ff ff ff ff ff ff ff ff
[172606.918898] ovs_keydump: start=296 len=88 hash=0xaf21daf9
[172606.918905] ovs_keydump: 00000000: 00 00 00 00 00 00 00 00 00 00 00 00 00 00 00 00
[172606.918913] ovs_keydump: 00000010: 00 00 00 00 00 00 00 00 00 00 00 00 00 00 00 00
[172606.918920] ovs_keydump: 00000020: 06 00 01 00 00 00 00 00 00 00 00 00 00 00 00 00
[172606.918927] ovs_keydump: 00000030: 00 00 00 00 00 00 00 00 00 00 00 00 00 00 00 00
[172606.918934] ovs_keydump: 00000040: 08 00 00 00 11 00 00 00 00 00 00 00 23 33 00 00
[172606.918941] ovs_keydump: 00000050: 0a 00 01 09 0a 00 02 05
[172606.918948] ovs_keymask: 00000000: 00 00 00 00 00 00 00 00 00 00 00 00 00 00 00 00
[172606.918955] ovs_keymask: 00000010: 00 00 00 00 00 00 00 00 00 00 00 00 00 00 00 00
[172606.918963] ovs_keymask: 00000020: ff ff ff ff 00 00 00 00 ff ff ff ff 00 00 00 00
[172606.918970] ovs_keymask: 00000030: 00 00 00 00 00 00 00 00 00 00 ff ff 00 00 ff ff
[172606.918977] ovs_keymask: 00000040: ff ff 00 00 ff 00 00 ff 00 00 00 00 ff ff 00 00
[172606.918984] ovs_keymask: 00000050: ff ff ff ff ff ff ff ff
[172606.919024] ovs_keydump: start=296 len=88 hash=0x9d44578d
[172606.919032] ovs_keydump: 00000000: 00 00 00 00 00 00 00 00 00 00 00 00 00 00 00 00
[172606.919040] ovs_keydump: 00000010: 00 00 00 00 00 00 00 00 00 00 00 00 00 00 00 00
[172606.919047] ovs_keydump: 00000020: 06 00 01 00 00 00 00 00 00 00 00 00 00 00 00 00
[172606.919054] ovs_keydump: 00000030: 00 00 00 00 00 00 00 00 00 00 00 00 00 00 00 00
[172606.919061] ovs_keydump: 00000040: 08 00 00 00 11 00 00 00 00 00 4e 5b 00 00 00 00
[172606.919068] ovs_keydump: 00000050: 00 00 00 00 0a 00 02 03
[172606.919075] ovs_keymask: 00000000: 00 00 00 00 00 00 00 00 00 00 00 00 00 00 00 00
[172606.919082] ovs_keymask: 00000010: 00 00 00 00 00 00 00 00 00 00 00 00 00 00 00 00
[172606.919090] ovs_keymask: 00000020: ff ff ff ff 00 00 00 00 ff ff ff ff 00 00 00 00
[172606.919097] ovs_keymask: 00000030: 00 00 00 00 00 00 00 00 00 00 ff ff 00 00 ff ff
[172606.919104] ovs_keymask: 00000040: ff ff 00 00 ff 00 00 ff 00 00 ff ff 00 00 00 00
[172606.919110] ovs_keymask: 00000050: 00 00 00 00 ff ff ff ff
[172606.919142] ovs_keydump: start=296 len=88 hash=0xc6f2f7a5
[172606.919150] ovs_keydump: 00000000: 00 00 00 00 00 00 00 00 00 00 00 00 00 00 00 00
[172606.919157] ovs_keydump: 00000010: 00 00 00 00 00 00 00 00 00 00 00 00 00 00 00 00
[172606.919164] ovs_keydump: 00000020: 06 00 01 00 00 00 00 00 00 00 00 00 00 00 00 00
[172606.919171] ovs_keydump: 00000030: 00 00 00 00 00 00 00 00 00 00 00 00 00 00 00 00
[172606.919177] ovs_keydump: 00000040: 08 00 00 00 11 00 00 00 00 00 00 00 00 00 00 00
[172606.919184] ovs_keydump: 00000050: 0a 00 01 05 0a 00 02 04
[172606.919191] ovs_keymask: 00000000: 00 00 00 00 00 00 00 00 00 00 00 00 00 00 00 00
[172606.919198] ovs_keymask: 00000010: 00 00 00 00 00 00 00 00 00 00 00 00 00 00 00 00
[172606.919206] ovs_keymask: 00000020: ff ff ff ff 00 00 00 00 ff ff ff ff 00 00 00 00
[172606.919214] ovs_keymask: 00000030: 00 00 00 00 00 00 00 00 00 00 ff ff 00 00 ff ff
[172606.919220] ovs_keymask: 00000040: ff ff 00 00 ff 00 00 ff 00 00 00 00 00 00 00 00
[172606.919227] ovs_keymask: 00000050: ff ff ff ff ff ff ff ff
[172606.919278] ovs_keydump: start=296 len=88 hash=0x5399de19
[172606.919286] ovs_keydump: 00000000: 00 00 00 00 00 00 00 00 00 00 00 00 00 00 00 00
[172606.919294] ovs_keydump: 00000010: 00 00 00 00 00 00 00 00 00 00 00 00 00 00 00 00
[172606.919301] ovs_keydump: 00000020: 06 00 01 00 00 00 00 00 00 00 00 00 00 00 00 00
[172606.919308] ovs_keydump: 00000030: 00 00 00 00 00 00 00 00 00 00 00 00 00 00 00 00
[172606.919315] ovs_keydump: 00000040: 08 00 00 00 11 00 00 00 00 00 4e 42 00 00 00 00
[172606.919322] ovs_keydump: 00000050: 0a 00 01 0f 0a 00 02 06
[172606.919330] ovs_keymask: 00000000: 00 00 00 00 00 00 00 00 00 00 00 00 00 00 00 00
[172606.919337] ovs_keymask: 00000010: 00 00 00 00 00 00 00 00 00 00 00 00 00 00 00 00
[172606.919344] ovs_keymask: 00000020: ff ff ff ff 00 00 00 00 ff ff ff ff 00 00 00 00
[172606.919350] ovs_keymask: 00000030: 00 00 00 00 00 00 00 00 00 00 ff ff 00 00 ff ff
[172606.919358] ovs_keymask: 00000040: ff ff 00 00 ff 00 00 ff 00 00 ff ff 00 00 00 00
[172606.919365] ovs_keymask: 00000050: ff ff ff ff ff ff ff ff
[172606.919403] ovs_keydump: start=296 len=88 hash=0xd144767d
[172606.919412] ovs_keydump: 00000000: 00 00 00 00 00 00 00 00 00 00 00 00 00 00 00 00
[172606.919419] ovs_keydump: 00000010: 00 00 00 00 00 00 00 00 00 00 00 00 00 00 00 00
[172606.919439] ovs_keydump: 00000020: 06 00 01 00 00 00 00 00 00 00 00 00 00 00 00 00
[172606.919447] ovs_keydump: 00000030: 00 00 00 00 00 00 00 00 00 00 00 00 00 00 00 00
[172606.919454] ovs_keydump: 00000040: 08 00 00 00 11 00 00 00 00 00 4e 4b 23 2f 00 00
[172606.919461] ovs_keydump: 00000050: 0a 00 01 0e 0a 00 02 07
[172606.919469] ovs_keymask: 00000000: 00 00 00 00 00 00 00 00 00 00 00 00 00 00 00 00
[172606.919476] ovs_keymask: 00000010: 00 00 00 00 00 00 00 00 00 00 00 00 00 00 00 00
[172606.919482] ovs_keymask: 00000020: ff ff ff ff 00 00 00 00 ff ff ff ff 00 00 00 00
[172606.919489] ovs_keymask: 00000030: 00 00 00 00 00 00 00 00 00 00 ff ff 00 00 ff ff
[172606.919497] ovs_keymask: 00000040: ff ff 00 00 ff 00 00 ff 00 00 ff ff ff ff 00 00
[172606.919504] ovs_keymask: 00000050: ff ff ff ff ff ff ff ff
[172606.919621] ovs_keydump: start=296 len=88 hash=0x3b878e44
[172606.919630] ovs_keydump: 00000000: 00 00 00 00 00 00 00 00 00 00 00 00 00 00 00 00
[172606.919637] ovs_keydump: 00000010: 00 00 00 00 00 00 00 00 00 00 00 00 00 00 00 00
[172606.919645] ovs_keydump: 00000020: 06 00 01 00 00 00 00 00 00 00 00 00 00 00 00 00
[172606.919652] ovs_keydump: 00000030: 00 00 00 00 00 00 00 00 00 00 00 00 00 00 00 00
[172606.919659] ovs_keydump: 00000040: 08 00 00 00 11 00 00 00 00 00 00 00 23 2b 00 00
[172606.919667] ovs_keydump: 00000050: 0a 00 01 06 0a 00 02 05
[172606.919674] ovs_keymask: 00000000: 00 00 00 00 00 00 00 00 00 00 00 00 00 00 00 00
[172606.919681] ovs_keymask: 00000010: 00 00 00 00 00 00 00 00 00 00 00 00 00 00 00 00
[172606.919688] ovs_keymask: 00000020: ff ff ff ff 00 00 00 00 ff ff ff ff 00 00 00 00
[172606.919696] ovs_keymask: 00000030: 00 00 00 00 00 00 00 00 00 00 ff ff 00 00 ff ff
[172606.919703] ovs_keymask: 00000040: ff ff 00 00 ff 00 00 ff 00 00 00 00 ff ff 00 00
[172606.919711] ovs_keymask: 00000050: ff ff ff ff ff ff ff ff
[172606.919763] ovs_keydump: start=296 len=88 hash=0xd26e5084
[172606.919771] ovs_keydump: 00000000: 00 00 00 00 00 00 00 00 00 00 00 00 00 00 00 00
[172606.919778] ovs_keydump: 00000010: 00 00 00 00 00 00 00 00 00 00 00 00 00 00 00 00
[172606.919785] ovs_keydump: 00000020: 06 00 01 00 00 00 00 00 00 00 00 00 00 00 00 00
[172606.919793] ovs_keydump: 00000030: 00 00 00 00 00 00 00 00 00 00 00 00 00 00 00 00
[172606.919800] ovs_keydump: 00000040: 08 00 00 00 11 00 00 00 00 00 00 00 00 00 00 00
[172606.919807] ovs_keydump: 00000050: 0a 00 01 0e 0a 00 02 04
[172606.919813] ovs_keymask: 00000000: 00 00 00 00 00 00 00 00 00 00 00 00 00 00 00 00
[172606.919820] ovs_keymask: 00000010: 00 00 00 00 00 00 00 00 00 00 00 00 00 00 00 00
[172606.919828] ovs_keymask: 00000020: ff ff ff ff 00 00 00 00 ff ff ff ff 00 00 00 00
[172606.919835] ovs_keymask: 00000030: 00 00 00 00 00 00 00 00 00 00 ff ff 00 00 ff ff
[172606.919842] ovs_keymask: 00000040: ff ff 00 00 ff 00 00 ff 00 00 00 00 00 00 00 00
[172606.919849] ovs_keymask: 00000050: ff ff ff ff ff ff ff ff
[172606.919883] ovs_keydump: start=296 len=88 hash=0xb8a2572c
[172606.919891] ovs_keydump: 00000000: 00 00 00 00 00 00 00 00 00 00 00 00 00 00 00 00
[172606.919897] ovs_keydump: 00000010: 00 00 00 00 00 00 00 00 00 00 00 00 00 00 00 00
[172606.919904] ovs_keydump: 00000020: 06 00 01 00 00 00 00 00 00 00 00 00 00 00 00 00
[172606.919912] ovs_keydump: 00000030: 00 00 00 00 00 00 00 00 00 00 00 00 00 00 00 00
[172606.919919] ovs_keydump: 00000040: 08 00 00 00 11 00 00 00 00 00 4e 4f 00 00 00 00
[172606.919926] ovs_keydump: 00000050: 0a 00 01 0c 0a 00 02 06
[172606.919933] ovs_keymask: 00000000: 00 00 00 00 00 00 00 00 00 00 00 00 00 00 00 00
[172606.919940] ovs_keymask: 00000010: 00 00 00 00 00 00 00 00 00 00 00 00 00 00 00 00
[172606.919947] ovs_keymask: 00000020: ff ff ff ff 00 00 00 00 ff ff ff ff 00 00 00 00
[172606.919954] ovs_keymask: 00000030: 00 00 00 00 00 00 00 00 00 00 ff ff 00 00 ff ff
[172606.919961] ovs_keymask: 00000040: ff ff 00 00 ff 00 00 ff 00 00 ff ff 00 00 00 00
[172606.919968] ovs_keymask: 00000050: ff ff ff ff ff ff ff ff
[172606.919992] ovs_keydump: start=296 len=88 hash=0x26ea07c9
[172606.920000] ovs_keydump: 00000000: 00 00 00 00 00 00 00 00 00 00 00 00 00 00 00 00
[172606.920007] ovs_keydump: 00000010: 00 00 00 00 00 00 00 00 00 00 00 00 00 00 00 00
[172606.920014] ovs_keydump: 00000020: 06 00 01 00 00 00 00 00 00 00 00 00 00 00 00 00
[172606.920021] ovs_keydump: 00000030: 00 00 00 00 00 00 00 00 00 00 00 00 00 00 00 00
[172606.920028] ovs_keydump: 00000040: 08 00 00 00 11 00 00 00 00 00 4e 5a 23 30 00 00
[172606.920034] ovs_keydump: 00000050: 0a 00 01 03 0a 00 02 07
[172606.920042] ovs_keymask: 00000000: 00 00 00 00 00 00 00 00 00 00 00 00 00 00 00 00
[172606.920049] ovs_keymask: 00000010: 00 00 00 00 00 00 00 00 00 00 00 00 00 00 00 00
[172606.920057] ovs_keymask: 00000020: ff ff ff ff 00 00 00 00 ff ff ff ff 00 00 00 00
[172606.920063] ovs_keymask: 00000030: 00 00 00 00 00 00 00 00 00 00 ff ff 00 00 ff ff
[172606.920070] ovs_keymask: 00000040: ff ff 00 00 ff 00 00 ff 00 00 ff ff ff ff 00 00
[172606.920077] ovs_keymask: 00000050: ff ff ff ff ff ff ff ff
[172606.920260] ovs_keydump: start=296 len=88 hash=0x6d9a07e4
[172606.920269] ovs_keydump: 00000000: 00 00 00 00 00 00 00 00 00 00 00 00 00 00 00 00
[172606.920277] ovs_keydump: 00000010: 00 00 00 00 00 00 00 00 00 00 00 00 00 00 00 00
[172606.920284] ovs_keydump: 00000020: 06 00 01 00 00 00 00 00 00 00 00 00 00 00 00 00
[172606.920291] ovs_keydump: 00000030: 00 00 00 00 00 00 00 00 00 00 00 00 00 00 00 00
[172606.920298] ovs_keydump: 00000040: 08 00 00 00 11 00 00 00 00 00 4e 2f 23 29 00 00
[172606.920305] ovs_keydump: 00000050: 0a 00 01 0b 0a 00 02 07
[172606.920312] ovs_keymask: 00000000: 00 00 00 00 00 00 00 00 00 00 00 00 00 00 00 00
[172606.920320] ovs_keymask: 00000010: 00 00 00 00 00 00 00 00 00 00 00 00 00 00 00 00
[172606.920328] ovs_keymask: 00000020: ff ff ff ff 00 00 00 00 ff ff ff ff 00 00 00 00
[172606.920335] ovs_keymask: 00000030: 00 00 00 00 00 00 00 00 00 00 ff ff 00 00 ff ff
[172606.920342] ovs_keymask: 00000040: ff ff 00 00 ff 00 00 ff 00 00 ff ff ff ff 00 00
[172606.920349] ovs_keymask: 00000050: ff ff ff ff ff ff ff ff
[172606.920386] ovs_keydump: start=296 len=88 hash=0x82e37093
[172606.920394] ovs_keydump: 00000000: 00 00 00 00 00 00 00 00 00 00 00 00 00 00 00 00
[172606.920401] ovs_keydump: 00000010: 00 00 00 00 00 00 00 00 00 00 00 00 00 00 00 00
[172606.920409] ovs_keydump: 00000020: 06 00 01 00 00 00 00 00 00 00 00 00 00 00 00 00
[172606.920416] ovs_keydump: 00000030: 00 00 00 00 00 00 00 00 00 00 00 00 00 00 00 00
[172606.920424] ovs_keydump: 00000040: 08 00 00 00 11 00 00 00 00 00 00 00 00 00 00 00
[172606.920442] ovs_keydump: 00000050: 0a 00 01 09 0a 00 02 04
[172606.920450] ovs_keymask: 00000000: 00 00 00 00 00 00 00 00 00 00 00 00 00 00 00 00
[172606.920457] ovs_keymask: 00000010: 00 00 00 00 00 00 00 00 00 00 00 00 00 00 00 00
[172606.920464] ovs_keymask: 00000020: ff ff ff ff 00 00 00 00 ff ff ff ff 00 00 00 00
[172606.920471] ovs_keymask: 00000030: 00 00 00 00 00 00 00 00 00 00 ff ff 00 00 ff ff
[172606.920479] ovs_keymask: 00000040: ff ff 00 00 ff 00 00 ff 00 00 00 00 00 00 00 00
[172606.920486] ovs_keymask: 00000050: ff ff ff ff ff ff ff ff
[172606.920512] ovs_keydump: start=296 len=88 hash=0xb28fef9a
[172606.920520] ovs_keydump: 00000000: 00 00 00 00 00 00 00 00 00 00 00 00 00 00 00 00
[172606.920527] ovs_keydump: 00000010: 00 00 00 00 00 00 00 00 00 00 00 00 00 00 00 00
[172606.920535] ovs_keydump: 00000020: 06 00 01 00 00 00 00 00 00 00 00 00 00 00 00 00
[172606.920542] ovs_keydump: 00000030: 00 00 00 00 00 00 00 00 00 00 00 00 00 00 00 00
[172606.920550] ovs_keydump: 00000040: 08 00 00 00 11 00 00 00 00 00 4e 42 00 00 00 00
[172606.920557] ovs_keydump: 00000050: 0a 00 01 0d 0a 00 02 06
[172606.920564] ovs_keymask: 00000000: 00 00 00 00 00 00 00 00 00 00 00 00 00 00 00 00
[172606.920571] ovs_keymask: 00000010: 00 00 00 00 00 00 00 00 00 00 00 00 00 00 00 00
[172606.920579] ovs_keymask: 00000020: ff ff ff ff 00 00 00 00 ff ff ff ff 00 00 00 00
[172606.920587] ovs_keymask: 00000030: 00 00 00 00 00 00 00 00 00 00 ff ff 00 00 ff ff
[172606.920594] ovs_keymask: 00000040: ff ff 00 00 ff 00 00 ff 00 00 ff ff 00 00 00 00
[172606.920601] ovs_keymask: 00000050: ff ff ff ff ff ff ff ff
[172606.920625] ovs_keydump: start=296 len=88 hash=0xb00dc436
[172606.920633] ovs_keydump: 00000000: 00 00 00 00 00 00 00 00 00 00 00 00 00 00 00 00
[172606.920640] ovs_keydump: 00000010: 00 00 00 00 00 00 00 00 00 00 00 00 00 00 00 00
[172606.920647] ovs_keydump: 00000020: 06 00 01 00 00 00 00 00 00 00 00 00 00 00 00 00
[172606.920654] ovs_keydump: 00000030: 00 00 00 00 00 00 00 00 00 00 00 00 00 00 00 00
[172606.920661] ovs_keydump: 00000040: 08 00 00 00 11 00 00 00 00 00 4e 57 00 00 00 00
[172606.920668] ovs_keydump: 00000050: 00 00 00 00 0a 00 02 03
[172606.920675] ovs_keymask: 00000000: 00 00 00 00 00 00 00 00 00 00 00 00 00 00 00 00
[172606.920682] ovs_keymask: 00000010: 00 00 00 00 00 00 00 00 00 00 00 00 00 00 00 00
[172606.920689] ovs_keymask: 00000020: ff ff ff ff 00 00 00 00 ff ff ff ff 00 00 00 00
[172606.920695] ovs_keymask: 00000030: 00 00 00 00 00 00 00 00 00 00 ff ff 00 00 ff ff
[172606.920703] ovs_keymask: 00000040: ff ff 00 00 ff 00 00 ff 00 00 ff ff 00 00 00 00
[172606.920710] ovs_keymask: 00000050: 00 00 00 00 ff ff ff ff
[172606.920734] ovs_keydump: start=296 len=88 hash=0xc5c25514
[172606.920742] ovs_keydump: 00000000: 00 00 00 00 00 00 00 00 00 00 00 00 00 00 00 00
[172606.920749] ovs_keydump: 00000010: 00 00 00 00 00 00 00 00 00 00 00 00 00 00 00 00
[172606.920757] ovs_keydump: 00000020: 06 00 01 00 00 00 00 00 00 00 00 00 00 00 00 00
[172606.920764] ovs_keydump: 00000030: 00 00 00 00 00 00 00 00 00 00 00 00 00 00 00 00
[172606.920770] ovs_keydump: 00000040: 08 00 00 00 11 00 00 00 00 00 00 00 00 00 00 00
[172606.920777] ovs_keydump: 00000050: 0a 00 01 0f 0a 00 02 04
[172606.920784] ovs_keymask: 00000000: 00 00 00 00 00 00 00 00 00 00 00 00 00 00 00 00
[172606.920792] ovs_keymask: 00000010: 00 00 00 00 00 00 00 00 00 00 00 00 00 00 00 00
[172606.920799] ovs_keymask: 00000020: ff ff ff ff 00 00 00 00 ff ff ff ff 00 00 00 00
[172606.920805] ovs_keymask: 00000030: 00 00 00 00 00 00 00 00 00 00 ff ff 00 00 ff ff
[172606.920813] ovs_keymask: 00000040: ff ff 00 00 ff 00 00 ff 00 00 00 00 00 00 00 00
[172606.920820] ovs_keymask: 00000050: ff ff ff ff ff ff ff ff
[172606.920844] ovs_keydump: start=296 len=88 hash=0x7b6acf74
[172606.920851] ovs_keydump: 00000000: 00 00 00 00 00 00 00 00 00 00 00 00 00 00 00 00
[172606.920858] ovs_keydump: 00000010: 00 00 00 00 00 00 00 00 00 00 00 00 00 00 00 00
[172606.920866] ovs_keydump: 00000020: 06 00 01 00 00 00 00 00 00 00 00 00 00 00 00 00
[172606.920873] ovs_keydump: 00000030: 00 00 00 00 00 00 00 00 00 00 00 00 00 00 00 00
[172606.920881] ovs_keydump: 00000040: 08 00 00 00 11 00 00 00 00 00 4e 44 00 00 00 00
[172606.920887] ovs_keydump: 00000050: 00 00 00 00 0a 00 02 03
[172606.920894] ovs_keymask: 00000000: 00 00 00 00 00 00 00 00 00 00 00 00 00 00 00 00
[172606.920901] ovs_keymask: 00000010: 00 00 00 00 00 00 00 00 00 00 00 00 00 00 00 00
[172606.920909] ovs_keymask: 00000020: ff ff ff ff 00 00 00 00 ff ff ff ff 00 00 00 00
[172606.920916] ovs_keymask: 00000030: 00 00 00 00 00 00 00 00 00 00 ff ff 00 00 ff ff
[172606.920923] ovs_keymask: 00000040: ff ff 00 00 ff 00 00 ff 00 00 ff ff 00 00 00 00
[172606.920929] ovs_keymask: 00000050: 00 00 00 00 ff ff ff ff
[172606.920965] ovs_keydump: start=296 len=88 hash=0x2b82c780
[172606.920972] ovs_keydump: 00000000: 00 00 00 00 00 00 00 00 00 00 00 00 00 00 00 00
[172606.920980] ovs_keydump: 00000010: 00 00 00 00 00 00 00 00 00 00 00 00 00 00 00 00
[172606.920987] ovs_keydump: 00000020: 06 00 01 00 00 00 00 00 00 00 00 00 00 00 00 00
[172606.920994] ovs_keydump: 00000030: 00 00 00 00 00 00 00 00 00 00 00 00 00 00 00 00
[172606.921002] ovs_keydump: 00000040: 08 00 00 00 11 00 00 00 00 00 00 00 23 31 00 00
[172606.921008] ovs_keydump: 00000050: 0a 00 01 01 0a 00 02 05
[172606.921014] ovs_keymask: 00000000: 00 00 00 00 00 00 00 00 00 00 00 00 00 00 00 00
[172606.921022] ovs_keymask: 00000010: 00 00 00 00 00 00 00 00 00 00 00 00 00 00 00 00
[172606.921029] ovs_keymask: 00000020: ff ff ff ff 00 00 00 00 ff ff ff ff 00 00 00 00
[172606.921036] ovs_keymask: 00000030: 00 00 00 00 00 00 00 00 00 00 ff ff 00 00 ff ff
[172606.921043] ovs_keymask: 00000040: ff ff 00 00 ff 00 00 ff 00 00 00 00 ff ff 00 00
[172606.921050] ovs_keymask: 00000050: ff ff ff ff ff ff ff ff
[172606.921108] ovs_keydump: start=296 len=88 hash=0xa9c4afe1
[172606.921117] ovs_keydump: 00000000: 00 00 00 00 00 00 00 00 00 00 00 00 00 00 00 00
[172606.921124] ovs_keydump: 00000010: 00 00 00 00 00 00 00 00 00 00 00 00 00 00 00 00
[172606.921130] ovs_keydump: 00000020: 06 00 01 00 00 00 00 00 00 00 00 00 00 00 00 00
[172606.921137] ovs_keydump: 00000030: 00 00 00 00 00 00 00 00 00 00 00 00 00 00 00 00
[172606.921144] ovs_keydump: 00000040: 08 00 00 00 11 00 00 00 00 00 4e 49 23 33 00 00
[172606.921151] ovs_keydump: 00000050: 0a 00 01 09 0a 00 02 07
[172606.921158] ovs_keymask: 00000000: 00 00 00 00 00 00 00 00 00 00 00 00 00 00 00 00
[172606.921165] ovs_keymask: 00000010: 00 00 00 00 00 00 00 00 00 00 00 00 00 00 00 00
[172606.921172] ovs_keymask: 00000020: ff ff ff ff 00 00 00 00 ff ff ff ff 00 00 00 00
[172606.921179] ovs_keymask: 00000030: 00 00 00 00 00 00 00 00 00 00 ff ff 00 00 ff ff
[172606.921185] ovs_keymask: 00000040: ff ff 00 00 ff 00 00 ff 00 00 ff ff ff ff 00 00
[172606.921193] ovs_keymask: 00000050: ff ff ff ff ff ff ff ff
[172606.921229] ovs_keydump: start=296 len=88 hash=0x8e8ff9ae
[172606.921237] ovs_keydump: 00000000: 00 00 00 00 00 00 00 00 00 00 00 00 00 00 00 00
[172606.921245] ovs_keydump: 00000010: 00 00 00 00 00 00 00 00 00 00 00 00 00 00 00 00
[172606.921252] ovs_keydump: 00000020: 06 00 01 00 00 00 00 00 00 00 00 00 00 00 00 00
[172606.921258] ovs_keydump: 00000030: 00 00 00 00 00 00 00 00 00 00 00 00 00 00 00 00
[172606.921265] ovs_keydump: 00000040: 08 00 00 00 11 00 00 00 00 00 4e 57 23 2e 00 00
[172606.921272] ovs_keydump: 00000050: 0a 00 01 07 0a 00 02 07
[172606.921279] ovs_keymask: 00000000: 00 00 00 00 00 00 00 00 00 00 00 00 00 00 00 00
[172606.921286] ovs_keymask: 00000010: 00 00 00 00 00 00 00 00 00 00 00 00 00 00 00 00
[172606.921293] ovs_keymask: 00000020: ff ff ff ff 00 00 00 00 ff ff ff ff 00 00 00 00
[172606.921300] ovs_keymask: 00000030: 00 00 00 00 00 00 00 00 00 00 ff ff 00 00 ff ff
[172606.921307] ovs_keymask: 00000040: ff ff 00 00 ff 00 00 ff 00 00 ff ff ff ff 00 00
[172606.921315] ovs_keymask: 00000050: ff ff ff ff ff ff ff ff
[172606.921364] ovs_keydump: start=296 len=88 hash=0x825b7385
[172606.921373] ovs_keydump: 00000000: 00 00 00 00 00 00 00 00 00 00 00 00 00 00 00 00
[172606.921380] ovs_keydump: 00000010: 00 00 00 00 00 00 00 00 00 00 00 00 00 00 00 00
[172606.921387] ovs_keydump: 00000020: 06 00 01 00 00 00 00 00 00 00 00 00 00 00 00 00
[172606.921395] ovs_keydump: 00000030: 00 00 00 00 00 00 00 00 00 00 00 00 00 00 00 00
[172606.921402] ovs_keydump: 00000040: 08 00 00 00 11 00 00 00 00 00 4e 50 23 29 00 00
[172606.921409] ovs_keydump: 00000050: 0a 00 01 06 0a 00 02 07
[172606.921416] ovs_keymask: 00000000: 00 00 00 00 00 00 00 00 00 00 00 00 00 00 00 00
[172606.921424] ovs_keymask: 00000010: 00 00 00 00 00 00 00 00 00 00 00 00 00 00 00 00
[172606.921442] ovs_keymask: 00000020: ff ff ff ff 00 00 00 00 ff ff ff ff 00 00 00 00
[172606.921450] ovs_keymask: 00000030: 00 00 00 00 00 00 00 00 00 00 ff ff 00 00 ff ff
[172606.921458] ovs_keymask: 00000040: ff ff 00 00 ff 00 00 ff 00 00 ff ff ff ff 00 00
[172606.921465] ovs_keymask: 00000050: ff ff ff ff ff ff ff ff
[172606.921491] ovs_keydump: start=296 len=88 hash=0x3b3ef946
[172606.921499] ovs_keydump: 00000000: 00 00 00 00 00 00 00 00 00 00 00 00 00 00 00 00
[172606.921507] ovs_keydump: 00000010: 00 00 00 00 00 00 00 00 00 00 00 00 00 00 00 00
[172606.921514] ovs_keydump: 00000020: 06 00 01 00 00 00 00 00 00 00 00 00 00 00 00 00
[172606.921521] ovs_keydump: 00000030: 00 00 00 00 00 00 00 00 00 00 00 00 00 00 00 00
[172606.921529] ovs_keydump: 00000040: 08 00 00 00 11 00 00 00 00 00 00 00 23 33 00 00
[172606.921537] ovs_keydump: 00000050: 00 00 00 00 0a 00 02 02
[172606.921544] ovs_keymask: 00000000: 00 00 00 00 00 00 00 00 00 00 00 00 00 00 00 00
[172606.921552] ovs_keymask: 00000010: 00 00 00 00 00 00 00 00 00 00 00 00 00 00 00 00
[172606.921559] ovs_keymask: 00000020: ff ff ff ff 00 00 00 00 ff ff ff ff 00 00 00 00
[172606.921567] ovs_keymask: 00000030: 00 00 00 00 00 00 00 00 00 00 ff ff 00 00 ff ff
[172606.921574] ovs_keymask: 00000040: ff ff 00 00 ff 00 00 ff 00 00 00 00 ff ff 00 00
[172606.921581] ovs_keymask: 00000050: 00 00 00 00 ff ff ff ff
[172606.921606] ovs_keydump: start=296 len=88 hash=0x1eccf643
[172606.921614] ovs_keydump: 00000000: 00 00 00 00 00 00 00 00 00 00 00 00 00 00 00 00
[172606.921621] ovs_keydump: 00000010: 00 00 00 00 00 00 00 00 00 00 00 00 00 00 00 00
[172606.921628] ovs_keydump: 00000020: 06 00 01 00 00 00 00 00 00 00 00 00 00 00 00 00
[172606.921635] ovs_keydump: 00000030: 00 00 00 00 00 00 00 00 00 00 00 00 00 00 00 00
[172606.921642] ovs_keydump: 00000040: 08 00 00 00 11 00 00 00 00 00 4e 53 00 00 00 00
[172606.921649] ovs_keydump: 00000050: 00 00 00 00 0a 00 02 03
[172606.921656] ovs_keymask: 00000000: 00 00 00 00 00 00 00 00 00 00 00 00 00 00 00 00
[172606.921663] ovs_keymask: 00000010: 00 00 00 00 00 00 00 00 00 00 00 00 00 00 00 00
[172606.921670] ovs_keymask: 00000020: ff ff ff ff 00 00 00 00 ff ff ff ff 00 00 00 00
[172606.921677] ovs_keymask: 00000030: 00 00 00 00 00 00 00 00 00 00 ff ff 00 00 ff ff
[172606.921685] ovs_keymask: 00000040: ff ff 00 00 ff 00 00 ff 00 00 ff ff 00 00 00 00
[172606.921692] ovs_keymask: 00000050: 00 00 00 00 ff ff ff ff
[172606.921735] ovs_keydump: start=296 len=88 hash=0xdd8bc27d
[172606.921743] ovs_keydump: 00000000: 00 00 00 00 00 00 00 00 00 00 00 00 00 00 00 00
[172606.921750] ovs_keydump: 00000010: 00 00 00 00 00 00 00 00 00 00 00 00 00 00 00 00
[172606.921756] ovs_keydump: 00000020: 06 00 01 00 00 00 00 00 00 00 00 00 00 00 00 00
[172606.921764] ovs_keydump: 00000030: 00 00 00 00 00 00 00 00 00 00 00 00 00 00 00 00
[172606.921771] ovs_keydump: 00000040: 08 00 00 00 11 00 00 00 00 00 4e 29 00 00 00 00
[172606.921778] ovs_keydump: 00000050: 00 00 00 00 0a 00 02 03
[172606.921786] ovs_keymask: 00000000: 00 00 00 00 00 00 00 00 00 00 00 00 00 00 00 00
[172606.921793] ovs_keymask: 00000010: 00 00 00 00 00 00 00 00 00 00 00 00 00 00 00 00
[172606.921799] ovs_keymask: 00000020: ff ff ff ff 00 00 00 00 ff ff ff ff 00 00 00 00
[172606.921806] ovs_keymask: 00000030: 00 00 00 00 00 00 00 00 00 00 ff ff 00 00 ff ff
[172606.921814] ovs_keymask: 00000040: ff ff 00 00 ff 00 00 ff 00 00 ff ff 00 00 00 00
[172606.921821] ovs_keymask: 00000050: 00 00 00 00 ff ff ff ff
[172606.921890] ovs_keydump: start=296 len=88 hash=0x00482eb1
[172606.921899] ovs_keydump: 00000000: 00 00 00 00 00 00 00 00 00 00 00 00 00 00 00 00
[172606.921906] ovs_keydump: 00000010: 00 00 00 00 00 00 00 00 00 00 00 00 00 00 00 00
[172606.921913] ovs_keydump: 00000020: 06 00 01 00 00 00 00 00 00 00 00 00 00 00 00 00
[172606.921920] ovs_keydump: 00000030: 00 00 00 00 00 00 00 00 00 00 00 00 00 00 00 00
[172606.921928] ovs_keydump: 00000040: 08 00 00 00 11 00 00 00 00 00 4e 26 00 00 00 00
[172606.921935] ovs_keydump: 00000050: 0a 00 01 0e 0a 00 02 06
[172606.921942] ovs_keymask: 00000000: 00 00 00 00 00 00 00 00 00 00 00 00 00 00 00 00
[172606.921948] ovs_keymask: 00000010: 00 00 00 00 00 00 00 00 00 00 00 00 00 00 00 00
[172606.921955] ovs_keymask: 00000020: ff ff ff ff 00 00 00 00 ff ff ff ff 00 00 00 00
[172606.921962] ovs_keymask: 00000030: 00 00 00 00 00 00 00 00 00 00 ff ff 00 00 ff ff
[172606.921970] ovs_keymask: 00000040: ff ff 00 00 ff 00 00 ff 00 00 ff ff 00 00 00 00
[172606.921977] ovs_keymask: 00000050: ff ff ff ff ff ff ff ff
[172606.922017] ovs_keydump: start=296 len=88 hash=0x2336da13
[172606.922025] ovs_keydump: 00000000: 00 00 00 00 00 00 00 00 00 00 00 00 00 00 00 00
[172606.922031] ovs_keydump: 00000010: 00 00 00 00 00 00 00 00 00 00 00 00 00 00 00 00
[172606.922038] ovs_keydump: 00000020: 06 00 01 00 00 00 00 00 00 00 00 00 00 00 00 00
[172606.922045] ovs_keydump: 00000030: 00 00 00 00 00 00 00 00 00 00 00 00 00 00 00 00
[172606.922053] ovs_keydump: 00000040: 08 00 00 00 11 00 00 00 00 00 00 00 00 00 00 00
[172606.922060] ovs_keydump: 00000050: 0a 00 01 04 0a 00 02 04
[172606.922067] ovs_keymask: 00000000: 00 00 00 00 00 00 00 00 00 00 00 00 00 00 00 00
[172606.922074] ovs_keymask: 00000010: 00 00 00 00 00 00 00 00 00 00 00 00 00 00 00 00
[172606.922081] ovs_keymask: 00000020: ff ff ff ff 00 00 00 00 ff ff ff ff 00 00 00 00
[172606.922088] ovs_keymask: 00000030: 00 00 00 00 00 00 00 00 00 00 ff ff 00 00 ff ff
[172606.922096] ovs_keymask: 00000040: ff ff 00 00 ff 00 00 ff 00 00 00 00 00 00 00 00
[172606.922103] ovs_keymask: 00000050: ff ff ff ff ff ff ff ff
[172606.922136] ovs_keydump: start=296 len=88 hash=0x7fc1bf78
[172606.922144] ovs_keydump: 00000000: 00 00 00 00 00 00 00 00 00 00 00 00 00 00 00 00
[172606.922150] ovs_keydump: 00000010: 00 00 00 00 00 00 00 00 00 00 00 00 00 00 00 00
[172606.922157] ovs_keydump: 00000020: 06 00 01 00 00 00 00 00 00 00 00 00 00 00 00 00
[172606.922164] ovs_keydump: 00000030: 00 00 00 00 00 00 00 00 00 00 00 00 00 00 00 00
[172606.922172] ovs_keydump: 00000040: 08 00 00 00 11 00 00 00 00 00 00 00 23 35 00 00
[172606.922179] ovs_keydump: 00000050: 0a 00 01 0e 0a 00 02 05
[172606.922186] ovs_keymask: 00000000: 00 00 00 00 00 00 00 00 00 00 00 00 00 00 00 00
[172606.922192] ovs_keymask: 00000010: 00 00 00 00 00 00 00 00 00 00 00 00 00 00 00 00
[172606.922199] ovs_keymask: 00000020: ff ff ff ff 00 00 00 00 ff ff ff ff 00 00 00 00
[172606.922207] ovs_keymask: 00000030: 00 00 00 00 00 00 00 00 00 00 ff ff 00 00 ff ff
[172606.922214] ovs_keymask: 00000040: ff ff 00 00 ff 00 00 ff 00 00 00 00 ff ff 00 00
[172606.922221] ovs_keymask: 00000050: ff ff ff ff ff ff ff ff
[172606.922245] ovs_keydump: start=296 len=88 hash=0xe18f0eb1
[172606.922253] ovs_keydump: 00000000: 00 00 00 00 00 00 00 00 00 00 00 00 00 00 00 00
[172606.922260] ovs_keydump: 00000010: 00 00 00 00 00 00 00 00 00 00 00 00 00 00 00 00
[172606.922268] ovs_keydump: 00000020: 06 00 01 00 00 00 00 00 00 00 00 00 00 00 00 00
[172606.922274] ovs_keydump: 00000030: 00 00 00 00 00 00 00 00 00 00 00 00 00 00 00 00
[172606.922281] ovs_keydump: 00000040: 08 00 00 00 11 00 00 00 00 00 4e 46 00 00 00 00
[172606.922288] ovs_keydump: 00000050: 00 00 00 00 0a 00 02 03
[172606.922295] ovs_keymask: 00000000: 00 00 00 00 00 00 00 00 00 00 00 00 00 00 00 00
[172606.922303] ovs_keymask: 00000010: 00 00 00 00 00 00 00 00 00 00 00 00 00 00 00 00
[172606.922310] ovs_keymask: 00000020: ff ff ff ff 00 00 00 00 ff ff ff ff 00 00 00 00
[172606.922317] ovs_keymask: 00000030: 00 00 00 00 00 00 00 00 00 00 ff ff 00 00 ff ff
[172606.922324] ovs_keymask: 00000040: ff ff 00 00 ff 00 00 ff 00 00 ff ff 00 00 00 00
[172606.922332] ovs_keymask: 00000050: 00 00 00 00 ff ff ff ff
[172606.922376] ovs_keydump: start=296 len=88 hash=0x26f80d7b
[172606.922385] ovs_keydump: 00000000: 00 00 00 00 00 00 00 00 00 00 00 00 00 00 00 00
[172606.922392] ovs_keydump: 00000010: 00 00 00 00 00 00 00 00 00 00 00 00 00 00 00 00
[172606.922399] ovs_keydump: 00000020: 06 00 01 00 00 00 00 00 00 00 00 00 00 00 00 00
[172606.922407] ovs_keydump: 00000030: 00 00 00 00 00 00 00 00 00 00 00 00 00 00 00 00
[172606.922414] ovs_keydump: 00000040: 08 00 00 00 11 00 00 00 00 00 00 00 00 00 00 00
[172606.922421] ovs_keydump: 00000050: 0a 00 01 0a 0a 00 02 04
[172606.922441] ovs_keymask: 00000000: 00 00 00 00 00 00 00 00 00 00 00 00 00 00 00 00
[172606.922448] ovs_keymask: 00000010: 00 00 00 00 00 00 00 00 00 00 00 00 00 00 00 00
[172606.922455] ovs_keymask: 00000020: ff ff ff ff 00 00 00 00 ff ff ff ff 00 00 00 00
[172606.922463] ovs_keymask: 00000030: 00 00 00 00 00 00 00 00 00 00 ff ff 00 00 ff ff
[172606.922471] ovs_keymask: 00000040: ff ff 00 00 ff 00 00 ff 00 00 00 00 00 00 00 00
[172606.922478] ovs_keymask: 00000050: ff ff ff ff ff ff ff ff
[172606.922517] ovs_keydump: start=296 len=88 hash=0x729e9f41
[172606.922525] ovs_keydump: 00000000: 00 00 00 00 00 00 00 00 00 00 00 00 00 00 00 00
[172606.922532] ovs_keydump: 00000010: 00 00 00 00 00 00 00 00 00 00 00 00 00 00 00 00
[172606.922539] ovs_keydump: 00000020: 06 00 01 00 00 00 00 00 00 00 00 00 00 00 00 00
[172606.922547] ovs_keydump: 00000030: 00 00 00 00 00 00 00 00 00 00 00 00 00 00 00 00
[172606.922554] ovs_keydump: 00000040: 08 00 00 00 11 00 00 00 00 00 4e 46 00 00 00 00
[172606.922561] ovs_keydump: 00000050: 0a 00 01 03 0a 00 02 06
[172606.922568] ovs_keymask: 00000000: 00 00 00 00 00 00 00 00 00 00 00 00 00 00 00 00
[172606.922575] ovs_keymask: 00000010: 00 00 00 00 00 00 00 00 00 00 00 00 00 00 00 00
[172606.922583] ovs_keymask: 00000020: ff ff ff ff 00 00 00 00 ff ff ff ff 00 00 00 00
[172606.922591] ovs_keymask: 00000030: 00 00 00 00 00 00 00 00 00 00 ff ff 00 00 ff ff
[172606.922598] ovs_keymask: 00000040: ff ff 00 00 ff 00 00 ff 00 00 ff ff 00 00 00 00
[172606.922604] ovs_keymask: 00000050: ff ff ff ff ff ff ff ff
[172606.922629] ovs_keydump: start=296 len=88 hash=0x2a8946c6
[172606.922637] ovs_keydump: 00000000: 00 00 00 00 00 00 00 00 00 00 00 00 00 00 00 00
[172606.922644] ovs_keydump: 00000010: 00 00 00 00 00 00 00 00 00 00 00 00 00 00 00 00
[172606.922651] ovs_keydump: 00000020: 06 00 01 00 00 00 00 00 00 00 00 00 00 00 00 00
[172606.922659] ovs_keydump: 00000030: 00 00 00 00 00 00 00 00 00 00 00 00 00 00 00 00
[172606.922666] ovs_keydump: 00000040: 08 00 00 00 11 00 00 00 00 00 00 00 23 2d 00 00
[172606.922673] ovs_keydump: 00000050: 00 00 00 00 0a 00 02 02
[172606.922679] ovs_keymask: 00000000: 00 00 00 00 00 00 00 00 00 00 00 00 00 00 00 00
[172606.922686] ovs_keymask: 00000010: 00 00 00 00 00 00 00 00 00 00 00 00 00 00 00 00
[172606.922694] ovs_keymask: 00000020: ff ff ff ff 00 00 00 00 ff ff ff ff 00 00 00 00
[172606.922701] ovs_keymask: 00000030: 00 00 00 00 00 00 00 00 00 00 ff ff 00 00 ff ff
[172606.922708] ovs_keymask: 00000040: ff ff 00 00 ff 00 00 ff 00 00 00 00 ff ff 00 00
[172606.922715] ovs_keymask: 00000050: 00 00 00 00 ff ff ff ff
[172606.922740] ovs_keydump: start=296 len=88 hash=0x50b5c5c0
[172606.922748] ovs_keydump: 00000000: 00 00 00 00 00 00 00 00 00 00 00 00 00 00 00 00
[172606.922755] ovs_keydump: 00000010: 00 00 00 00 00 00 00 00 00 00 00 00 00 00 00 00
[172606.922763] ovs_keydump: 00000020: 06 00 01 00 00 00 00 00 00 00 00 00 00 00 00 00
[172606.922769] ovs_keydump: 00000030: 00 00 00 00 00 00 00 00 00 00 00 00 00 00 00 00
[172606.922776] ovs_keydump: 00000040: 08 00 00 00 11 00 00 00 00 00 4e 2d 00 00 00 00
[172606.922783] ovs_keydump: 00000050: 00 00 00 00 0a 00 02 03
[172606.922790] ovs_keymask: 00000000: 00 00 00 00 00 00 00 00 00 00 00 00 00 00 00 00
[172606.922797] ovs_keymask: 00000010: 00 00 00 00 00 00 00 00 00 00 00 00 00 00 00 00
[172606.922805] ovs_keymask: 00000020: ff ff ff ff 00 00 00 00 ff ff ff ff 00 00 00 00
[172606.922811] ovs_keymask: 00000030: 00 00 00 00 00 00 00 00 00 00 ff ff 00 00 ff ff
[172606.922818] ovs_keymask: 00000040: ff ff 00 00 ff 00 00 ff 00 00 ff ff 00 00 00 00
[172606.922825] ovs_keymask: 00000050: 00 00 00 00 ff ff ff ff
[172606.922896] ovs_keydump: start=296 len=88 hash=0x789d8e3f
[172606.922905] ovs_keydump: 00000000: 00 00 00 00 00 00 00 00 00 00 00 00 00 00 00 00
[172606.922912] ovs_keydump: 00000010: 00 00 00 00 00 00 00 00 00 00 00 00 00 00 00 00
[172606.922919] ovs_keydump: 00000020: 06 00 01 00 00 00 00 00 00 00 00 00 00 00 00 00
[172606.922926] ovs_keydump: 00000030: 00 00 00 00 00 00 00 00 00 00 00 00 00 00 00 00
[172606.922933] ovs_keydump: 00000040: 08 00 00 00 11 00 00 00 00 00 4e 42 23 30 00 00
[172606.922941] ovs_keydump: 00000050: 0a 00 01 0c 0a 00 02 07
[172606.922948] ovs_keymask: 00000000: 00 00 00 00 00 00 00 00 00 00 00 00 00 00 00 00
[172606.922955] ovs_keymask: 00000010: 00 00 00 00 00 00 00 00 00 00 00 00 00 00 00 00
[172606.922962] ovs_keymask: 00000020: ff ff ff ff 00 00 00 00 ff ff ff ff 00 00 00 00
[172606.922969] ovs_keymask: 00000030: 00 00 00 00 00 00 00 00 00 00 ff ff 00 00 ff ff
[172606.922976] ovs_keymask: 00000040: ff ff 00 00 ff 00 00 ff 00 00 ff ff ff ff 00 00
[172606.922983] ovs_keymask: 00000050: ff ff ff ff ff ff ff ff
[172606.923017] ovs_keydump: start=296 len=88 hash=0xd15923e0
[172606.923026] ovs_keydump: 00000000: 00 00 00 00 00 00 00 00 00 00 00 00 00 00 00 00
[172606.923033] ovs_keydump: 00000010: 00 00 00 00 00 00 00 00 00 00 00 00 00 00 00 00
[172606.923040] ovs_keydump: 00000020: 06 00 01 00 00 00 00 00 00 00 00 00 00 00 00 00
[172606.923047] ovs_keydump: 00000030: 00 00 00 00 00 00 00 00 00 00 00 00 00 00 00 00
[172606.923054] ovs_keydump: 00000040: 08 00 00 00 11 00 00 00 00 00 4e 44 23 2d 00 00
[172606.923061] ovs_keydump: 00000050: 0a 00 01 0c 0a 00 02 07
[172606.923068] ovs_keymask: 00000000: 00 00 00 00 00 00 00 00 00 00 00 00 00 00 00 00
[172606.923075] ovs_keymask: 00000010: 00 00 00 00 00 00 00 00 00 00 00 00 00 00 00 00
[172606.923082] ovs_keymask: 00000020: ff ff ff ff 00 00 00 00 ff ff ff ff 00 00 00 00
[172606.923089] ovs_keymask: 00000030: 00 00 00 00 00 00 00 00 00 00 ff ff 00 00 ff ff
[172606.923096] ovs_keymask: 00000040: ff ff 00 00 ff 00 00 ff 00 00 ff ff ff ff 00 00
[172606.923103] ovs_keymask: 00000050: ff ff ff ff ff ff ff ff
[172606.923126] ovs_keydump: start=296 len=88 hash=0x61636521
[172606.923133] ovs_keydump: 00000000: 00 00 00 00 00 00 00 00 00 00 00 00 00 00 00 00
[172606.923140] ovs_keydump: 00000010: 00 00 00 00 00 00 00 00 00 00 00 00 00 00 00 00
[172606.923147] ovs_keydump: 00000020: 06 00 01 00 00 00 00 00 00 00 00 00 00 00 00 00
[172606.923154] ovs_keydump: 00000030: 00 00 00 00 00 00 00 00 00 00 00 00 00 00 00 00
[172606.923162] ovs_keydump: 00000040: 08 00 00 00 11 00 00 00 00 00 00 00 00 00 00 00
[172606.923168] ovs_keydump: 00000050: 0a 00 01 0b 0a 00 02 04
[172606.923175] ovs_keymask: 00000000: 00 00 00 00 00 00 00 00 00 00 00 00 00 00 00 00
[172606.923182] ovs_keymask: 00000010: 00 00 00 00 00 00 00 00 00 00 00 00 00 00 00 00
[172606.923189] ovs_keymask: 00000020: ff ff ff ff 00 00 00 00 ff ff ff ff 00 00 00 00
[172606.923197] ovs_keymask: 00000030: 00 00 00 00 00 00 00 00 00 00 ff ff 00 00 ff ff
[172606.923204] ovs_keymask: 00000040: ff ff 00 00 ff 00 00 ff 00 00 00 00 00 00 00 00
[172606.923210] ovs_keymask: 00000050: ff ff ff ff ff ff ff ff
[172606.923252] ovs_keydump: start=296 len=88 hash=0xa2999db9
[172606.923253] ovs_keydump: 00000000: 00 00 00 00 00 00 00 00 00 00 00 00 00 00 00 00
[172606.923255] ovs_keydump: 00000010: 00 00 00 00 00 00 00 00 00 00 00 00 00 00 00 00
[172606.923256] ovs_keydump: 00000020: 06 00 01 00 00 00 00 00 00 00 00 00 00 00 00 00
[172606.923258] ovs_keydump: 00000030: 00 00 00 00 00 00 00 00 00 00 00 00 00 00 00 00
[172606.923259] ovs_keydump: 00000040: 08 00 00 00 11 00 00 00 00 00 00 00 23 31 00 00
[172606.923260] ovs_keydump: 00000050: 0a 00 01 05 0a 00 02 05
[172606.923262] ovs_keymask: 00000000: 00 00 00 00 00 00 00 00 00 00 00 00 00 00 00 00
[172606.923263] ovs_keymask: 00000010: 00 00 00 00 00 00 00 00 00 00 00 00 00 00 00 00
[172606.923265] ovs_keymask: 00000020: ff ff ff ff 00 00 00 00 ff ff ff ff 00 00 00 00
[172606.923266] ovs_keymask: 00000030: 00 00 00 00 00 00 00 00 00 00 ff ff 00 00 ff ff
[172606.923267] ovs_keymask: 00000040: ff ff 00 00 ff 00 00 ff 00 00 00 00 ff ff 00 00
[172606.923269] ovs_keymask: 00000050: ff ff ff ff ff ff ff ff
[172606.923788] ovs_keydump: start=296 len=88 hash=0xa8c0d324
[172606.923790] ovs_keydump: 00000000: 00 00 00 00 00 00 00 00 00 00 00 00 00 00 00 00
[172606.923791] ovs_keydump: 00000010: 00 00 00 00 00 00 00 00 00 00 00 00 00 00 00 00
[172606.923793] ovs_keydump: 00000020: 06 00 01 00 00 00 00 00 00 00 00 00 00 00 00 00
[172606.923794] ovs_keydump: 00000030: 00 00 00 00 00 00 00 00 00 00 00 00 00 00 00 00
[172606.923796] ovs_keydump: 00000040: 08 00 00 00 11 00 00 00 00 00 00 00 00 00 00 00
[172606.923797] ovs_keydump: 00000050: 0a 00 01 06 0a 00 02 04
[172606.923798] ovs_keymask: 00000000: 00 00 00 00 00 00 00 00 00 00 00 00 00 00 00 00
[172606.923800] ovs_keymask: 00000010: 00 00 00 00 00 00 00 00 00 00 00 00 00 00 00 00
[172606.923801] ovs_keymask: 00000020: ff ff ff ff 00 00 00 00 ff ff ff ff 00 00 00 00
[172606.923803] ovs_keymask: 00000030: 00 00 00 00 00 00 00 00 00 00 ff ff 00 00 ff ff
[172606.923804] ovs_keymask: 00000040: ff ff 00 00 ff 00 00 ff 00 00 00 00 00 00 00 00
[172606.923805] ovs_keymask: 00000050: ff ff ff ff ff ff ff ff
[172606.923814] ovs_keydump: start=296 len=88 hash=0xcad8e3f1
[172606.923816] ovs_keydump: 00000000: 00 00 00 00 00 00 00 00 00 00 00 00 00 00 00 00
[172606.923817] ovs_keydump: 00000010: 00 00 00 00 00 00 00 00 00 00 00 00 00 00 00 00
[172606.923818] ovs_keydump: 00000020: 06 00 01 00 00 00 00 00 00 00 00 00 00 00 00 00
[172606.923820] ovs_keydump: 00000030: 00 00 00 00 00 00 00 00 00 00 00 00 00 00 00 00
[172606.923821] ovs_keydump: 00000040: 08 00 00 00 11 00 00 00 00 00 4e 4d 00 00 00 00
[172606.923822] ovs_keydump: 00000050: 0a 00 01 07 0a 00 02 06
[172606.923823] ovs_keymask: 00000000: 00 00 00 00 00 00 00 00 00 00 00 00 00 00 00 00
[172606.923825] ovs_keymask: 00000010: 00 00 00 00 00 00 00 00 00 00 00 00 00 00 00 00
[172606.923826] ovs_keymask: 00000020: ff ff ff ff 00 00 00 00 ff ff ff ff 00 00 00 00
[172606.923828] ovs_keymask: 00000030: 00 00 00 00 00 00 00 00 00 00 ff ff 00 00 ff ff
[172606.923829] ovs_keymask: 00000040: ff ff 00 00 ff 00 00 ff 00 00 ff ff 00 00 00 00
[172606.923830] ovs_keymask: 00000050: ff ff ff ff ff ff ff ff
[172606.923837] ovs_keydump: start=296 len=88 hash=0xce84641e
[172606.923838] ovs_keydump: 00000000: 00 00 00 00 00 00 00 00 00 00 00 00 00 00 00 00
[172606.923840] ovs_keydump: 00000010: 00 00 00 00 00 00 00 00 00 00 00 00 00 00 00 00
[172606.923841] ovs_keydump: 00000020: 06 00 01 00 00 00 00 00 00 00 00 00 00 00 00 00
[172606.923843] ovs_keydump: 00000030: 00 00 00 00 00 00 00 00 00 00 00 00 00 00 00 00
[172606.923844] ovs_keydump: 00000040: 08 00 00 00 11 00 00 00 00 00 4e 43 00 00 00 00
[172606.923845] ovs_keydump: 00000050: 00 00 00 00 0a 00 02 03
[172606.923846] ovs_keymask: 00000000: 00 00 00 00 00 00 00 00 00 00 00 00 00 00 00 00
[172606.923848] ovs_keymask: 00000010: 00 00 00 00 00 00 00 00 00 00 00 00 00 00 00 00
[172606.923849] ovs_keymask: 00000020: ff ff ff ff 00 00 00 00 ff ff ff ff 00 00 00 00
[172606.923851] ovs_keymask: 00000030: 00 00 00 00 00 00 00 00 00 00 ff ff 00 00 ff ff
[172606.923852] ovs_keymask: 00000040: ff ff 00 00 ff 00 00 ff 00 00 ff ff 00 00 00 00
[172606.923853] ovs_keymask: 00000050: 00 00 00 00 ff ff ff ff
[172606.923858] ovs_keydump: start=296 len=88 hash=0x686e4c7b
[172606.923859] ovs_keydump: 00000000: 00 00 00 00 00 00 00 00 00 00 00 00 00 00 00 00
[172606.923861] ovs_keydump: 00000010: 00 00 00 00 00 00 00 00 00 00 00 00 00 00 00 00
[172606.923862] ovs_keydump: 00000020: 06 00 01 00 00 00 00 00 00 00 00 00 00 00 00 00
[172606.923864] ovs_keydump: 00000030: 00 00 00 00 00 00 00 00 00 00 00 00 00 00 00 00
[172606.923865] ovs_keydump: 00000040: 08 00 00 00 11 00 00 00 00 00 4e 33 00 00 00 00
[172606.923866] ovs_keydump: 00000050: 0a 00 01 09 0a 00 02 06
[172606.923868] ovs_keymask: 00000000: 00 00 00 00 00 00 00 00 00 00 00 00 00 00 00 00
[172606.923869] ovs_keymask: 00000010: 00 00 00 00 00 00 00 00 00 00 00 00 00 00 00 00
[172606.923870] ovs_keymask: 00000020: ff ff ff ff 00 00 00 00 ff ff ff ff 00 00 00 00
[172606.923872] ovs_keymask: 00000030: 00 00 00 00 00 00 00 00 00 00 ff ff 00 00 ff ff
[172606.923873] ovs_keymask: 00000040: ff ff 00 00 ff 00 00 ff 00 00 ff ff 00 00 00 00
[172606.923874] ovs_keymask: 00000050: ff ff ff ff ff ff ff ff
[172606.923881] ovs_keydump: start=296 len=88 hash=0xea48f2c9
[172606.923883] ovs_keydump: 00000000: 00 00 00 00 00 00 00 00 00 00 00 00 00 00 00 00
[172606.923884] ovs_keydump: 00000010: 00 00 00 00 00 00 00 00 00 00 00 00 00 00 00 00
[172606.923886] ovs_keydump: 00000020: 06 00 01 00 00 00 00 00 00 00 00 00 00 00 00 00
[172606.923887] ovs_keydump: 00000030: 00 00 00 00 00 00 00 00 00 00 00 00 00 00 00 00
[172606.923888] ovs_keydump: 00000040: 08 00 00 00 11 00 00 00 00 00 4e 36 00 00 00 00
[172606.923890] ovs_keydump: 00000050: 00 00 00 00 0a 00 02 03
[172606.923891] ovs_keymask: 00000000: 00 00 00 00 00 00 00 00 00 00 00 00 00 00 00 00
[172606.923892] ovs_keymask: 00000010: 00 00 00 00 00 00 00 00 00 00 00 00 00 00 00 00
[172606.923894] ovs_keymask: 00000020: ff ff ff ff 00 00 00 00 ff ff ff ff 00 00 00 00
[172606.923895] ovs_keymask: 00000030: 00 00 00 00 00 00 00 00 00 00 ff ff 00 00 ff ff
[172606.923896] ovs_keymask: 00000040: ff ff 00 00 ff 00 00 ff 00 00 ff ff 00 00 00 00
[172606.923897] ovs_keymask: 00000050: 00 00 00 00 ff ff ff ff
[172606.923904] ovs_keydump: start=296 len=88 hash=0x6db64530
[172606.923906] ovs_keydump: 00000000: 00 00 00 00 00 00 00 00 00 00 00 00 00 00 00 00
[172606.923907] ovs_keydump: 00000010: 00 00 00 00 00 00 00 00 00 00 00 00 00 00 00 00
[172606.923908] ovs_keydump: 00000020: 06 00 01 00 00 00 00 00 00 00 00 00 00 00 00 00
[172606.923910] ovs_keydump: 00000030: 00 00 00 00 00 00 00 00 00 00 00 00 00 00 00 00
[172606.923911] ovs_keydump: 00000040: 08 00 00 00 11 00 00 00 00 00 00 00 23 35 00 00
[172606.923912] ovs_keydump: 00000050: 0a 00 01 06 0a 00 02 05
[172606.923914] ovs_keymask: 00000000: 00 00 00 00 00 00 00 00 00 00 00 00 00 00 00 00
[172606.923915] ovs_keymask: 00000010: 00 00 00 00 00 00 00 00 00 00 00 00 00 00 00 00
[172606.923916] ovs_keymask: 00000020: ff ff ff ff 00 00 00 00 ff ff ff ff 00 00 00 00
[172606.923918] ovs_keymask: 00000030: 00 00 00 00 00 00 00 00 00 00 ff ff 00 00 ff ff
[172606.923919] ovs_keymask: 00000040: ff ff 00 00 ff 00 00 ff 00 00 00 00 ff ff 00 00
[172606.923921] ovs_keymask: 00000050: ff ff ff ff ff ff ff ff
[172606.923925] ovs_keydump: start=296 len=88 hash=0x7a478243
[172606.923927] ovs_keydump: 00000000: 00 00 00 00 00 00 00 00 00 00 00 00 00 00 00 00
[172606.923928] ovs_keydump: 00000010: 00 00 00 00 00 00 00 00 00 00 00 00 00 00 00 00
[172606.923929] ovs_keydump: 00000020: 06 00 01 00 00 00 00 00 00 00 00 00 00 00 00 00
[172606.923930] ovs_keydump: 00000030: 00 00 00 00 00 00 00 00 00 00 00 00 00 00 00 00
[172606.923932] ovs_keydump: 00000040: 08 00 00 00 11 00 00 00 00 00 4e 35 23 2b 00 00
[172606.923933] ovs_keydump: 00000050: 0a 00 01 0a 0a 00 02 07
[172606.923934] ovs_keymask: 00000000: 00 00 00 00 00 00 00 00 00 00 00 00 00 00 00 00
[172606.923936] ovs_keymask: 00000010: 00 00 00 00 00 00 00 00 00 00 00 00 00 00 00 00
[172606.923937] ovs_keymask: 00000020: ff ff ff ff 00 00 00 00 ff ff ff ff 00 00 00 00
[172606.923938] ovs_keymask: 00000030: 00 00 00 00 00 00 00 00 00 00 ff ff 00 00 ff ff
[172606.923940] ovs_keymask: 00000040: ff ff 00 00 ff 00 00 ff 00 00 ff ff ff ff 00 00
[172606.923941] ovs_keymask: 00000050: ff ff ff ff ff ff ff ff
[172606.923971] ovs_keydump: start=296 len=88 hash=0xfc2fd18c
[172606.923972] ovs_keydump: 00000000: 00 00 00 00 00 00 00 00 00 00 00 00 00 00 00 00
[172606.923974] ovs_keydump: 00000010: 00 00 00 00 00 00 00 00 00 00 00 00 00 00 00 00
[172606.923975] ovs_keydump: 00000020: 06 00 01 00 00 00 00 00 00 00 00 00 00 00 00 00
[172606.923977] ovs_keydump: 00000030: 00 00 00 00 00 00 00 00 00 00 00 00 00 00 00 00
[172606.923978] ovs_keydump: 00000040: 08 00 00 00 11 00 00 00 00 00 00 00 23 36 00 00
[172606.923979] ovs_keydump: 00000050: 0a 00 01 01 0a 00 02 05
[172606.923981] ovs_keymask: 00000000: 00 00 00 00 00 00 00 00 00 00 00 00 00 00 00 00
[172606.923982] ovs_keymask: 00000010: 00 00 00 00 00 00 00 00 00 00 00 00 00 00 00 00
[172606.923983] ovs_keymask: 00000020: ff ff ff ff 00 00 00 00 ff ff ff ff 00 00 00 00
[172606.923985] ovs_keymask: 00000030: 00 00 00 00 00 00 00 00 00 00 ff ff 00 00 ff ff
[172606.923986] ovs_keymask: 00000040: ff ff 00 00 ff 00 00 ff 00 00 00 00 ff ff 00 00
[172606.923988] ovs_keymask: 00000050: ff ff ff ff ff ff ff ff
[172606.923992] ovs_keydump: start=296 len=88 hash=0x5c8a1612
[172606.923994] ovs_keydump: 00000000: 00 00 00 00 00 00 00 00 00 00 00 00 00 00 00 00
[172606.923995] ovs_keydump: 00000010: 00 00 00 00 00 00 00 00 00 00 00 00 00 00 00 00
[172606.923997] ovs_keydump: 00000020: 06 00 01 00 00 00 00 00 00 00 00 00 00 00 00 00
[172606.923998] ovs_keydump: 00000030: 00 00 00 00 00 00 00 00 00 00 00 00 00 00 00 00
[172606.923999] ovs_keydump: 00000040: 08 00 00 00 11 00 00 00 00 00 4e 49 00 00 00 00
[172606.924000] ovs_keydump: 00000050: 00 00 00 00 0a 00 02 03
[172606.924002] ovs_keymask: 00000000: 00 00 00 00 00 00 00 00 00 00 00 00 00 00 00 00
[172606.924003] ovs_keymask: 00000010: 00 00 00 00 00 00 00 00 00 00 00 00 00 00 00 00
[172606.924005] ovs_keymask: 00000020: ff ff ff ff 00 00 00 00 ff ff ff ff 00 00 00 00
[172606.924006] ovs_keymask: 00000030: 00 00 00 00 00 00 00 00 00 00 ff ff 00 00 ff ff
[172606.924007] ovs_keymask: 00000040: ff ff 00 00 ff 00 00 ff 00 00 ff ff 00 00 00 00
[172606.924009] ovs_keymask: 00000050: 00 00 00 00 ff ff ff ff
[172606.924024] ovs_keydump: start=296 len=88 hash=0xe2d5b348
[172606.924025] ovs_keydump: 00000000: 00 00 00 00 00 00 00 00 00 00 00 00 00 00 00 00
[172606.924027] ovs_keydump: 00000010: 00 00 00 00 00 00 00 00 00 00 00 00 00 00 00 00
[172606.924028] ovs_keydump: 00000020: 06 00 01 00 00 00 00 00 00 00 00 00 00 00 00 00
[172606.924030] ovs_keydump: 00000030: 00 00 00 00 00 00 00 00 00 00 00 00 00 00 00 00
[172606.924031] ovs_keydump: 00000040: 08 00 00 00 11 00 00 00 00 00 4e 32 00 00 00 00
[172606.924032] ovs_keydump: 00000050: 0a 00 01 0f 0a 00 02 06
[172606.924033] ovs_keymask: 00000000: 00 00 00 00 00 00 00 00 00 00 00 00 00 00 00 00
[172606.924035] ovs_keymask: 00000010: 00 00 00 00 00 00 00 00 00 00 00 00 00 00 00 00
[172606.924036] ovs_keymask: 00000020: ff ff ff ff 00 00 00 00 ff ff ff ff 00 00 00 00
[172606.924038] ovs_keymask: 00000030: 00 00 00 00 00 00 00 00 00 00 ff ff 00 00 ff ff
[172606.924039] ovs_keymask: 00000040: ff ff 00 00 ff 00 00 ff 00 00 ff ff 00 00 00 00
[172606.924040] ovs_keymask: 00000050: ff ff ff ff ff ff ff ff
[172606.924058] ovs_keydump: start=296 len=88 hash=0xa3d5814c
[172606.924060] ovs_keydump: 00000000: 00 00 00 00 00 00 00 00 00 00 00 00 00 00 00 00
[172606.924061] ovs_keydump: 00000010: 00 00 00 00 00 00 00 00 00 00 00 00 00 00 00 00
[172606.924063] ovs_keydump: 00000020: 06 00 01 00 00 00 00 00 00 00 00 00 00 00 00 00
[172606.924064] ovs_keydump: 00000030: 00 00 00 00 00 00 00 00 00 00 00 00 00 00 00 00
[172606.924065] ovs_keydump: 00000040: 08 00 00 00 11 00 00 00 00 00 00 00 23 2a 00 00
[172606.924067] ovs_keydump: 00000050: 00 00 00 00 0a 00 02 02
[172606.924068] ovs_keymask: 00000000: 00 00 00 00 00 00 00 00 00 00 00 00 00 00 00 00
[172606.924069] ovs_keymask: 00000010: 00 00 00 00 00 00 00 00 00 00 00 00 00 00 00 00
[172606.924071] ovs_keymask: 00000020: ff ff ff ff 00 00 00 00 ff ff ff ff 00 00 00 00
[172606.924072] ovs_keymask: 00000030: 00 00 00 00 00 00 00 00 00 00 ff ff 00 00 ff ff
[172606.924074] ovs_keymask: 00000040: ff ff 00 00 ff 00 00 ff 00 00 00 00 ff ff 00 00
[172606.924075] ovs_keymask: 00000050: 00 00 00 00 ff ff ff ff
[172606.924082] ovs_keydump: start=296 len=88 hash=0x310cf4ad
[172606.924084] ovs_keydump: 00000000: 00 00 00 00 00 00 00 00 00 00 00 00 00 00 00 00
[172606.924085] ovs_keydump: 00000010: 00 00 00 00 00 00 00 00 00 00 00 00 00 00 00 00
[172606.924087] ovs_keydump: 00000020: 06 00 01 00 00 00 00 00 00 00 00 00 00 00 00 00
[172606.924088] ovs_keydump: 00000030: 00 00 00 00 00 00 00 00 00 00 00 00 00 00 00 00
[172606.924089] ovs_keydump: 00000040: 08 00 00 00 11 00 00 00 00 00 4e 32 23 33 00 00
[172606.924091] ovs_keydump: 00000050: 0a 00 01 0e 0a 00 02 07
[172606.924092] ovs_keymask: 00000000: 00 00 00 00 00 00 00 00 00 00 00 00 00 00 00 00
[172606.924093] ovs_keymask: 00000010: 00 00 00 00 00 00 00 00 00 00 00 00 00 00 00 00
[172606.924095] ovs_keymask: 00000020: ff ff ff ff 00 00 00 00 ff ff ff ff 00 00 00 00
[172606.924096] ovs_keymask: 00000030: 00 00 00 00 00 00 00 00 00 00 ff ff 00 00 ff ff
[172606.924097] ovs_keymask: 00000040: ff ff 00 00 ff 00 00 ff 00 00 ff ff ff ff 00 00
[172606.924099] ovs_keymask: 00000050: ff ff ff ff ff ff ff ff
[172606.924103] ovs_keydump: start=296 len=88 hash=0x2e0f9a5b
[172606.924105] ovs_keydump: 00000000: 00 00 00 00 00 00 00 00 00 00 00 00 00 00 00 00
[172606.924106] ovs_keydump: 00000010: 00 00 00 00 00 00 00 00 00 00 00 00 00 00 00 00
[172606.924108] ovs_keydump: 00000020: 06 00 01 00 00 00 00 00 00 00 00 00 00 00 00 00
[172606.924109] ovs_keydump: 00000030: 00 00 00 00 00 00 00 00 00 00 00 00 00 00 00 00
[172606.924110] ovs_keydump: 00000040: 08 00 00 00 11 00 00 00 00 00 4e 56 23 34 00 00
[172606.924112] ovs_keydump: 00000050: 0a 00 01 0b 0a 00 02 07
[172606.924113] ovs_keymask: 00000000: 00 00 00 00 00 00 00 00 00 00 00 00 00 00 00 00
[172606.924114] ovs_keymask: 00000010: 00 00 00 00 00 00 00 00 00 00 00 00 00 00 00 00
[172606.924116] ovs_keymask: 00000020: ff ff ff ff 00 00 00 00 ff ff ff ff 00 00 00 00
[172606.924117] ovs_keymask: 00000030: 00 00 00 00 00 00 00 00 00 00 ff ff 00 00 ff ff
[172606.924118] ovs_keymask: 00000040: ff ff 00 00 ff 00 00 ff 00 00 ff ff ff ff 00 00
[172606.924120] ovs_keymask: 00000050: ff ff ff ff ff ff ff ff
